<?xml version="1.0" encoding="UTF-8"?>
<TestRun id="49d89a35-f9d8-47fc-be17-9f828fe6fa3b" name="Jeff@UGGLAN 2012-10-02 13:50:48" runUser="ugglan\Jeff" xmlns="http://microsoft.com/schemas/VisualStudio/TeamTest/2010">
  <TestSettings name="Default Test Settings" id="eeb0e305-6856-48f4-b1a9-a0bc24772bc3">
    <Deployment runDeploymentRoot="Jeff_UGGLAN 2012-10-02 13_50_48">
      <DeploymentItem filename="C:\code\tangocarddev\TangoCard_DotNet_SDK\dev\bin\Debug\TangoCard_DotNet_SDK.dll" />
    </Deployment>
    <Execution>
      <TestTypeSpecific />
      <AgentRule name="Execution Agents">
      </AgentRule>
    </Execution>
  </TestSettings>
  <Times creation="2012-10-02T13:50:48.9238796-07:00" queuing="2012-10-02T13:50:50.3249597-07:00" start="2012-10-02T13:50:50.4819687-07:00" finish="2012-10-02T13:51:03.1156913-07:00" />
  <ResultSummary outcome="Completed">
    <Counters total="11" executed="11" passed="11" error="0" failed="0" timeout="0" aborted="0" inconclusive="0" passedButRunAborted="0" notRunnable="0" notExecuted="0" disconnected="0" warning="0" completed="0" inProgress="0" pending="0" />
  </ResultSummary>
  <TestDefinitions>
    <UnitTest name="Test_PurchaseCard_InsufficientFunds" storage="c:\code\tangocarddev\tangocard_dotnet_sdk\dev\tangocard.sdk.unittests\bin\debug\tangocard.sdk.unittests.dll" id="deba0817-cbdc-6ef0-8ac9-ed202de95483">
      <DeploymentItems>
        <DeploymentItem filename="TangoCard.Sdk.Unittests\DeploymentItems\TangoCard_DotNet_SDK.dll.config" />
      </DeploymentItems>
      <Execution id="690ad34a-c92a-46ef-9b32-489fc1ce12fb" />
      <TestMethod codeBase="C:/code/tangocarddev/TangoCard_DotNet_SDK/dev/TangoCard.Sdk.Unittests/bin/Debug/TangoCard.Sdk.Unittests.DLL" adapterTypeName="Microsoft.VisualStudio.TestTools.TestTypes.Unit.UnitTestAdapter, Microsoft.VisualStudio.QualityTools.Tips.UnitTest.Adapter, Version=10.0.0.0, Culture=neutral, PublicKeyToken=b03f5f7f11d50a3a" className="TangoCard.Sdk.Unittests.UnitTest_PurchaseCard, TangoCard.Sdk.Unittests, Version=1.0.4.0, Culture=neutral, PublicKeyToken=null" name="Test_PurchaseCard_InsufficientFunds" />
    </UnitTest>
    <UnitTest name="Test_PurchaseCard_with_NoDelivery_Api" storage="c:\code\tangocarddev\tangocard_dotnet_sdk\dev\tangocard.sdk.unittests\bin\debug\tangocard.sdk.unittests.dll" id="82c3326d-81f5-aba8-e1bb-3a64ecece58f">
      <DeploymentItems>
        <DeploymentItem filename="TangoCard.Sdk.Unittests\DeploymentItems\TangoCard_DotNet_SDK.dll.config" />
      </DeploymentItems>
      <Execution id="9aea3c66-dc7b-422e-b828-ae946d1a3423" />
      <TestMethod codeBase="C:/code/tangocarddev/TangoCard_DotNet_SDK/dev/TangoCard.Sdk.Unittests/bin/Debug/TangoCard.Sdk.Unittests.DLL" adapterTypeName="Microsoft.VisualStudio.TestTools.TestTypes.Unit.UnitTestAdapter, Microsoft.VisualStudio.QualityTools.Tips.UnitTest.Adapter, Version=10.0.0.0, Culture=neutral, PublicKeyToken=b03f5f7f11d50a3a" className="TangoCard.Sdk.Unittests.UnitTest_PurchaseCard, TangoCard.Sdk.Unittests, Version=1.0.4.0, Culture=neutral, PublicKeyToken=null" name="Test_PurchaseCard_with_NoDelivery_Api" />
    </UnitTest>
    <UnitTest name="Test_PurchaseCard_with_NoDelivery" storage="c:\code\tangocarddev\tangocard_dotnet_sdk\dev\tangocard.sdk.unittests\bin\debug\tangocard.sdk.unittests.dll" id="aea2b97b-c820-26a0-f0d4-77175a63111a">
      <DeploymentItems>
        <DeploymentItem filename="TangoCard.Sdk.Unittests\DeploymentItems\TangoCard_DotNet_SDK.dll.config" />
      </DeploymentItems>
      <Execution id="1d05f427-ec44-4d63-9172-d355e5e10554" />
      <TestMethod codeBase="C:/code/tangocarddev/TangoCard_DotNet_SDK/dev/TangoCard.Sdk.Unittests/bin/Debug/TangoCard.Sdk.Unittests.DLL" adapterTypeName="Microsoft.VisualStudio.TestTools.TestTypes.Unit.UnitTestAdapter, Microsoft.VisualStudio.QualityTools.Tips.UnitTest.Adapter, Version=10.0.0.0, Culture=neutral, PublicKeyToken=b03f5f7f11d50a3a" className="TangoCard.Sdk.Unittests.UnitTest_PurchaseCard, TangoCard.Sdk.Unittests, Version=1.0.4.0, Culture=neutral, PublicKeyToken=null" name="Test_PurchaseCard_with_NoDelivery" />
    </UnitTest>
    <UnitTest name="Test_GetAvailableBalance_InvalidCredentials" storage="c:\code\tangocarddev\tangocard_dotnet_sdk\dev\tangocard.sdk.unittests\bin\debug\tangocard.sdk.unittests.dll" id="9316568e-506c-ed6d-5077-25d70d0ecc30">
      <DeploymentItems>
        <DeploymentItem filename="TangoCard.Sdk.Unittests\DeploymentItems\TangoCard_DotNet_SDK.dll.config" />
      </DeploymentItems>
      <Execution id="61017624-86be-465d-9ee0-b173c7cf4a8d" />
      <TestMethod codeBase="C:/code/tangocarddev/TangoCard_DotNet_SDK/dev/TangoCard.Sdk.Unittests/bin/Debug/TangoCard.Sdk.Unittests.DLL" adapterTypeName="Microsoft.VisualStudio.TestTools.TestTypes.Unit.UnitTestAdapter, Microsoft.VisualStudio.QualityTools.Tips.UnitTest.Adapter, Version=10.0.0.0, Culture=neutral, PublicKeyToken=b03f5f7f11d50a3a" className="TangoCard.Sdk.Unittests.UnitTest_GetAvailableBalance, TangoCard.Sdk.Unittests, Version=1.0.4.0, Culture=neutral, PublicKeyToken=null" name="Test_GetAvailableBalance_InvalidCredentials" />
    </UnitTest>
    <UnitTest name="Test_PurchaseCard_InsufficientFunds_10000000" storage="c:\code\tangocarddev\tangocard_dotnet_sdk\dev\tangocard.sdk.unittests\bin\debug\tangocard.sdk.unittests.dll" id="c5fa947b-2454-14f3-3111-2ad4672d59c2">
      <DeploymentItems>
        <DeploymentItem filename="TangoCard.Sdk.Unittests\DeploymentItems\TangoCard_DotNet_SDK.dll.config" />
      </DeploymentItems>
      <Execution id="9bcdbb8f-a7c5-4f42-9672-c8e63da129f4" />
      <TestMethod codeBase="C:/code/tangocarddev/TangoCard_DotNet_SDK/dev/TangoCard.Sdk.Unittests/bin/Debug/TangoCard.Sdk.Unittests.DLL" adapterTypeName="Microsoft.VisualStudio.TestTools.TestTypes.Unit.UnitTestAdapter, Microsoft.VisualStudio.QualityTools.Tips.UnitTest.Adapter, Version=10.0.0.0, Culture=neutral, PublicKeyToken=b03f5f7f11d50a3a" className="TangoCard.Sdk.Unittests.UnitTest_PurchaseCard, TangoCard.Sdk.Unittests, Version=1.0.4.0, Culture=neutral, PublicKeyToken=null" name="Test_PurchaseCard_InsufficientFunds_10000000" />
    </UnitTest>
    <UnitTest name="Test_PurchaseCard_InvalidCredentials" storage="c:\code\tangocarddev\tangocard_dotnet_sdk\dev\tangocard.sdk.unittests\bin\debug\tangocard.sdk.unittests.dll" id="8e238ebb-5605-3812-5fb7-769d1161d1e8">
      <DeploymentItems>
        <DeploymentItem filename="TangoCard.Sdk.Unittests\DeploymentItems\TangoCard_DotNet_SDK.dll.config" />
      </DeploymentItems>
      <Execution id="bd8306ef-ff62-426c-8563-4df5a4f3dd30" />
      <TestMethod codeBase="C:/code/tangocarddev/TangoCard_DotNet_SDK/dev/TangoCard.Sdk.Unittests/bin/Debug/TangoCard.Sdk.Unittests.DLL" adapterTypeName="Microsoft.VisualStudio.TestTools.TestTypes.Unit.UnitTestAdapter, Microsoft.VisualStudio.QualityTools.Tips.UnitTest.Adapter, Version=10.0.0.0, Culture=neutral, PublicKeyToken=b03f5f7f11d50a3a" className="TangoCard.Sdk.Unittests.UnitTest_PurchaseCard, TangoCard.Sdk.Unittests, Version=1.0.4.0, Culture=neutral, PublicKeyToken=null" name="Test_PurchaseCard_InvalidCredentials" />
    </UnitTest>
    <UnitTest name="Test_PurchaseCard_InvalidInput_Sku" storage="c:\code\tangocarddev\tangocard_dotnet_sdk\dev\tangocard.sdk.unittests\bin\debug\tangocard.sdk.unittests.dll" id="41c93455-8c54-54d6-1c21-f886a3fe91ab">
      <DeploymentItems>
        <DeploymentItem filename="TangoCard.Sdk.Unittests\DeploymentItems\TangoCard_DotNet_SDK.dll.config" />
      </DeploymentItems>
      <Execution id="629d8e75-2fb4-418f-ab6f-5bc535a9d4aa" />
      <TestMethod codeBase="C:/code/tangocarddev/TangoCard_DotNet_SDK/dev/TangoCard.Sdk.Unittests/bin/Debug/TangoCard.Sdk.Unittests.DLL" adapterTypeName="Microsoft.VisualStudio.TestTools.TestTypes.Unit.UnitTestAdapter, Microsoft.VisualStudio.QualityTools.Tips.UnitTest.Adapter, Version=10.0.0.0, Culture=neutral, PublicKeyToken=b03f5f7f11d50a3a" className="TangoCard.Sdk.Unittests.UnitTest_PurchaseCard, TangoCard.Sdk.Unittests, Version=1.0.4.0, Culture=neutral, PublicKeyToken=null" name="Test_PurchaseCard_InvalidInput_Sku" />
    </UnitTest>
    <UnitTest name="Test_PurchaseCard_with_Delivery" storage="c:\code\tangocarddev\tangocard_dotnet_sdk\dev\tangocard.sdk.unittests\bin\debug\tangocard.sdk.unittests.dll" id="18e4a4b0-321f-d8fe-e1dc-6bed9061c905">
      <DeploymentItems>
        <DeploymentItem filename="TangoCard.Sdk.Unittests\DeploymentItems\TangoCard_DotNet_SDK.dll.config" />
      </DeploymentItems>
      <Execution id="7d412ef8-a694-464d-bdad-00d5e1023fc2" />
      <TestMethod codeBase="C:/code/tangocarddev/TangoCard_DotNet_SDK/dev/TangoCard.Sdk.Unittests/bin/Debug/TangoCard.Sdk.Unittests.DLL" adapterTypeName="Microsoft.VisualStudio.TestTools.TestTypes.Unit.UnitTestAdapter, Microsoft.VisualStudio.QualityTools.Tips.UnitTest.Adapter, Version=10.0.0.0, Culture=neutral, PublicKeyToken=b03f5f7f11d50a3a" className="TangoCard.Sdk.Unittests.UnitTest_PurchaseCard, TangoCard.Sdk.Unittests, Version=1.0.4.0, Culture=neutral, PublicKeyToken=null" name="Test_PurchaseCard_with_Delivery" />
    </UnitTest>
    <UnitTest name="Test_GetAvailableBalance_InsufficientFunds" storage="c:\code\tangocarddev\tangocard_dotnet_sdk\dev\tangocard.sdk.unittests\bin\debug\tangocard.sdk.unittests.dll" id="152bd078-e8ce-d8c5-5081-efc5af0ee103">
      <DeploymentItems>
        <DeploymentItem filename="TangoCard.Sdk.Unittests\DeploymentItems\TangoCard_DotNet_SDK.dll.config" />
      </DeploymentItems>
      <Execution id="9e83bf6d-2691-40e8-bae4-d061c91d12ea" />
      <TestMethod codeBase="C:/code/tangocarddev/TangoCard_DotNet_SDK/dev/TangoCard.Sdk.Unittests/bin/Debug/TangoCard.Sdk.Unittests.DLL" adapterTypeName="Microsoft.VisualStudio.TestTools.TestTypes.Unit.UnitTestAdapter, Microsoft.VisualStudio.QualityTools.Tips.UnitTest.Adapter, Version=10.0.0.0, Culture=neutral, PublicKeyToken=b03f5f7f11d50a3a" className="TangoCard.Sdk.Unittests.UnitTest_GetAvailableBalance, TangoCard.Sdk.Unittests, Version=1.0.4.0, Culture=neutral, PublicKeyToken=null" name="Test_GetAvailableBalance_InsufficientFunds" />
    </UnitTest>
    <UnitTest name="Test_GetAvailableBalance_Request" storage="c:\code\tangocarddev\tangocard_dotnet_sdk\dev\tangocard.sdk.unittests\bin\debug\tangocard.sdk.unittests.dll" id="d1981100-7810-b4b9-afdd-48e37317502a">
      <DeploymentItems>
        <DeploymentItem filename="TangoCard.Sdk.Unittests\DeploymentItems\TangoCard_DotNet_SDK.dll.config" />
      </DeploymentItems>
      <Execution id="4d923aa1-d598-423b-bf63-95366fd50d02" />
      <TestMethod codeBase="C:/code/tangocarddev/TangoCard_DotNet_SDK/dev/TangoCard.Sdk.Unittests/bin/Debug/TangoCard.Sdk.Unittests.DLL" adapterTypeName="Microsoft.VisualStudio.TestTools.TestTypes.Unit.UnitTestAdapter, Microsoft.VisualStudio.QualityTools.Tips.UnitTest.Adapter, Version=10.0.0.0, Culture=neutral, PublicKeyToken=b03f5f7f11d50a3a" className="TangoCard.Sdk.Unittests.UnitTest_GetAvailableBalance, TangoCard.Sdk.Unittests, Version=1.0.4.0, Culture=neutral, PublicKeyToken=null" name="Test_GetAvailableBalance_Request" />
    </UnitTest>
    <UnitTest name="Test_GetAvailableBalance_Api" storage="c:\code\tangocarddev\tangocard_dotnet_sdk\dev\tangocard.sdk.unittests\bin\debug\tangocard.sdk.unittests.dll" id="29f6a3cc-4238-b7f6-fe09-faef69b4c2d2">
      <DeploymentItems>
        <DeploymentItem filename="TangoCard.Sdk.Unittests\DeploymentItems\TangoCard_DotNet_SDK.dll.config" />
      </DeploymentItems>
      <Execution id="ed5d64cd-65b7-4d5d-9c97-a9ecbc8efab6" />
      <TestMethod codeBase="C:/code/tangocarddev/TangoCard_DotNet_SDK/dev/TangoCard.Sdk.Unittests/bin/Debug/TangoCard.Sdk.Unittests.DLL" adapterTypeName="Microsoft.VisualStudio.TestTools.TestTypes.Unit.UnitTestAdapter, Microsoft.VisualStudio.QualityTools.Tips.UnitTest.Adapter, Version=10.0.0.0, Culture=neutral, PublicKeyToken=b03f5f7f11d50a3a" className="TangoCard.Sdk.Unittests.UnitTest_GetAvailableBalance, TangoCard.Sdk.Unittests, Version=1.0.4.0, Culture=neutral, PublicKeyToken=null" name="Test_GetAvailableBalance_Api" />
    </UnitTest>
  </TestDefinitions>
  <TestLists>
    <TestList name="Results Not in a List" id="8c84fa94-04c1-424b-9868-57a2d4851a1d" />
    <TestList name="All Loaded Results" id="19431567-8539-422a-85d7-44ee4e166bda" />
  </TestLists>
  <TestEntries>
    <TestEntry testId="8e238ebb-5605-3812-5fb7-769d1161d1e8" executionId="bd8306ef-ff62-426c-8563-4df5a4f3dd30" testListId="8c84fa94-04c1-424b-9868-57a2d4851a1d" />
    <TestEntry testId="deba0817-cbdc-6ef0-8ac9-ed202de95483" executionId="690ad34a-c92a-46ef-9b32-489fc1ce12fb" testListId="8c84fa94-04c1-424b-9868-57a2d4851a1d" />
    <TestEntry testId="41c93455-8c54-54d6-1c21-f886a3fe91ab" executionId="629d8e75-2fb4-418f-ab6f-5bc535a9d4aa" testListId="8c84fa94-04c1-424b-9868-57a2d4851a1d" />
    <TestEntry testId="c5fa947b-2454-14f3-3111-2ad4672d59c2" executionId="9bcdbb8f-a7c5-4f42-9672-c8e63da129f4" testListId="8c84fa94-04c1-424b-9868-57a2d4851a1d" />
    <TestEntry testId="82c3326d-81f5-aba8-e1bb-3a64ecece58f" executionId="9aea3c66-dc7b-422e-b828-ae946d1a3423" testListId="8c84fa94-04c1-424b-9868-57a2d4851a1d" />
    <TestEntry testId="aea2b97b-c820-26a0-f0d4-77175a63111a" executionId="1d05f427-ec44-4d63-9172-d355e5e10554" testListId="8c84fa94-04c1-424b-9868-57a2d4851a1d" />
    <TestEntry testId="18e4a4b0-321f-d8fe-e1dc-6bed9061c905" executionId="7d412ef8-a694-464d-bdad-00d5e1023fc2" testListId="8c84fa94-04c1-424b-9868-57a2d4851a1d" />
    <TestEntry testId="29f6a3cc-4238-b7f6-fe09-faef69b4c2d2" executionId="ed5d64cd-65b7-4d5d-9c97-a9ecbc8efab6" testListId="8c84fa94-04c1-424b-9868-57a2d4851a1d" />
    <TestEntry testId="d1981100-7810-b4b9-afdd-48e37317502a" executionId="4d923aa1-d598-423b-bf63-95366fd50d02" testListId="8c84fa94-04c1-424b-9868-57a2d4851a1d" />
    <TestEntry testId="9316568e-506c-ed6d-5077-25d70d0ecc30" executionId="61017624-86be-465d-9ee0-b173c7cf4a8d" testListId="8c84fa94-04c1-424b-9868-57a2d4851a1d" />
    <TestEntry testId="152bd078-e8ce-d8c5-5081-efc5af0ee103" executionId="9e83bf6d-2691-40e8-bae4-d061c91d12ea" testListId="8c84fa94-04c1-424b-9868-57a2d4851a1d" />
  </TestEntries>
  <Results>
    <UnitTestResult executionId="bd8306ef-ff62-426c-8563-4df5a4f3dd30" testId="8e238ebb-5605-3812-5fb7-769d1161d1e8" testName="Test_PurchaseCard_InvalidCredentials" computerName="UGGLAN" duration="00:00:03.9827954" startTime="2012-10-02T13:50:50.6769798-07:00" endTime="2012-10-02T13:50:56.2943011-07:00" testType="13cdc9d9-ddb5-4fa4-a97d-d965ccfc6d4b" outcome="Passed" testListId="8c84fa94-04c1-424b-9868-57a2d4851a1d" relativeResultsDirectory="bd8306ef-ff62-426c-8563-4df5a4f3dd30">
    </UnitTestResult>
    <UnitTestResult executionId="690ad34a-c92a-46ef-9b32-489fc1ce12fb" testId="deba0817-cbdc-6ef0-8ac9-ed202de95483" testName="Test_PurchaseCard_InsufficientFunds" computerName="UGGLAN" duration="00:00:00.3887759" startTime="2012-10-02T13:50:56.3033017-07:00" endTime="2012-10-02T13:50:56.6973242-07:00" testType="13cdc9d9-ddb5-4fa4-a97d-d965ccfc6d4b" outcome="Passed" testListId="8c84fa94-04c1-424b-9868-57a2d4851a1d" relativeResultsDirectory="690ad34a-c92a-46ef-9b32-489fc1ce12fb">
    </UnitTestResult>
    <UnitTestResult executionId="629d8e75-2fb4-418f-ab6f-5bc535a9d4aa" testId="41c93455-8c54-54d6-1c21-f886a3fe91ab" testName="Test_PurchaseCard_InvalidInput_Sku" computerName="UGGLAN" duration="00:00:00.2636382" startTime="2012-10-02T13:50:56.7143252-07:00" endTime="2012-10-02T13:50:56.9813404-07:00" testType="13cdc9d9-ddb5-4fa4-a97d-d965ccfc6d4b" outcome="Passed" testListId="8c84fa94-04c1-424b-9868-57a2d4851a1d" relativeResultsDirectory="629d8e75-2fb4-418f-ab6f-5bc535a9d4aa">
    </UnitTestResult>
    <UnitTestResult executionId="9bcdbb8f-a7c5-4f42-9672-c8e63da129f4" testId="c5fa947b-2454-14f3-3111-2ad4672d59c2" testName="Test_PurchaseCard_InsufficientFunds_10000000" computerName="UGGLAN" duration="00:00:00.4307053" startTime="2012-10-02T13:50:56.9873408-07:00" endTime="2012-10-02T13:50:57.4213656-07:00" testType="13cdc9d9-ddb5-4fa4-a97d-d965ccfc6d4b" outcome="Passed" testListId="8c84fa94-04c1-424b-9868-57a2d4851a1d" relativeResultsDirectory="9bcdbb8f-a7c5-4f42-9672-c8e63da129f4">
    </UnitTestResult>
    <UnitTestResult executionId="9aea3c66-dc7b-422e-b828-ae946d1a3423" testId="82c3326d-81f5-aba8-e1bb-3a64ecece58f" testName="Test_PurchaseCard_with_NoDelivery_Api" computerName="UGGLAN" duration="00:00:00.7767303" startTime="2012-10-02T13:50:57.4273659-07:00" endTime="2012-10-02T13:50:58.2084106-07:00" testType="13cdc9d9-ddb5-4fa4-a97d-d965ccfc6d4b" outcome="Passed" testListId="8c84fa94-04c1-424b-9868-57a2d4851a1d" relativeResultsDirectory="9aea3c66-dc7b-422e-b828-ae946d1a3423">
    </UnitTestResult>
    <UnitTestResult executionId="1d05f427-ec44-4d63-9172-d355e5e10554" testId="aea2b97b-c820-26a0-f0d4-77175a63111a" testName="Test_PurchaseCard_with_NoDelivery" computerName="UGGLAN" duration="00:00:02.8107213" startTime="2012-10-02T13:50:58.2174111-07:00" endTime="2012-10-02T13:51:01.0325722-07:00" testType="13cdc9d9-ddb5-4fa4-a97d-d965ccfc6d4b" outcome="Passed" testListId="8c84fa94-04c1-424b-9868-57a2d4851a1d" relativeResultsDirectory="1d05f427-ec44-4d63-9172-d355e5e10554">
    </UnitTestResult>
    <UnitTestResult executionId="7d412ef8-a694-464d-bdad-00d5e1023fc2" testId="18e4a4b0-321f-d8fe-e1dc-6bed9061c905" testName="Test_PurchaseCard_with_Delivery" computerName="UGGLAN" duration="00:00:00.9415946" startTime="2012-10-02T13:51:01.0415727-07:00" endTime="2012-10-02T13:51:01.9866267-07:00" testType="13cdc9d9-ddb5-4fa4-a97d-d965ccfc6d4b" outcome="Passed" testListId="8c84fa94-04c1-424b-9868-57a2d4851a1d" relativeResultsDirectory="7d412ef8-a694-464d-bdad-00d5e1023fc2">
    </UnitTestResult>
    <UnitTestResult executionId="ed5d64cd-65b7-4d5d-9c97-a9ecbc8efab6" testId="29f6a3cc-4238-b7f6-fe09-faef69b4c2d2" testName="Test_GetAvailableBalance_Api" computerName="UGGLAN" duration="00:00:00.2581745" startTime="2012-10-02T13:51:02.0026276-07:00" endTime="2012-10-02T13:51:02.2656427-07:00" testType="13cdc9d9-ddb5-4fa4-a97d-d965ccfc6d4b" outcome="Passed" testListId="8c84fa94-04c1-424b-9868-57a2d4851a1d" relativeResultsDirectory="ed5d64cd-65b7-4d5d-9c97-a9ecbc8efab6">
    </UnitTestResult>
    <UnitTestResult executionId="4d923aa1-d598-423b-bf63-95366fd50d02" testId="d1981100-7810-b4b9-afdd-48e37317502a" testName="Test_GetAvailableBalance_Request" computerName="UGGLAN" duration="00:00:00.2527058" startTime="2012-10-02T13:51:02.2726431-07:00" endTime="2012-10-02T13:51:02.5296578-07:00" testType="13cdc9d9-ddb5-4fa4-a97d-d965ccfc6d4b" outcome="Passed" testListId="8c84fa94-04c1-424b-9868-57a2d4851a1d" relativeResultsDirectory="4d923aa1-d598-423b-bf63-95366fd50d02">
    </UnitTestResult>
    <UnitTestResult executionId="61017624-86be-465d-9ee0-b173c7cf4a8d" testId="9316568e-506c-ed6d-5077-25d70d0ecc30" testName="Test_GetAvailableBalance_InvalidCredentials" computerName="UGGLAN" duration="00:00:00.2642908" startTime="2012-10-02T13:51:02.5346581-07:00" endTime="2012-10-02T13:51:02.8026734-07:00" testType="13cdc9d9-ddb5-4fa4-a97d-d965ccfc6d4b" outcome="Passed" testListId="8c84fa94-04c1-424b-9868-57a2d4851a1d" relativeResultsDirectory="61017624-86be-465d-9ee0-b173c7cf4a8d">
    </UnitTestResult>
    <UnitTestResult executionId="9e83bf6d-2691-40e8-bae4-d061c91d12ea" testId="152bd078-e8ce-d8c5-5081-efc5af0ee103" testName="Test_GetAvailableBalance_InsufficientFunds" computerName="UGGLAN" duration="00:00:00.2486887" startTime="2012-10-02T13:51:02.8106739-07:00" endTime="2012-10-02T13:51:03.0626883-07:00" testType="13cdc9d9-ddb5-4fa4-a97d-d965ccfc6d4b" outcome="Passed" testListId="8c84fa94-04c1-424b-9868-57a2d4851a1d" relativeResultsDirectory="9e83bf6d-2691-40e8-bae4-d061c91d12ea">
    </UnitTestResult>
  </Results>
</TestRun>