<?xml version="1.0" encoding="UTF-8"?>
<TestRun id="c6b05311-6d07-4cff-ba8d-d28474b8ec2d" name="Jeff@UGGLAN 2012-10-02 13:38:50" runUser="ugglan\Jeff" xmlns="http://microsoft.com/schemas/VisualStudio/TeamTest/2010">
  <TestSettings name="Default Test Settings" id="83c98ed4-62f0-4903-bda9-e68cebb59957">
    <Deployment runDeploymentRoot="Jeff_UGGLAN 2012-10-02 13_38_50">
      <DeploymentItem filename="C:\code\tangocarddev\TangoCard_DotNet_SDK\dev\bin\Debug\TangoCard_DotNet_SDK.dll" />
    </Deployment>
    <Execution>
      <TestTypeSpecific />
      <AgentRule name="Execution Agents">
      </AgentRule>
    </Execution>
  </TestSettings>
  <Times creation="2012-10-02T13:38:50.7648032-07:00" queuing="2012-10-02T13:38:53.1729410-07:00" start="2012-10-02T13:38:53.3559514-07:00" finish="2012-10-02T13:39:07.1617411-07:00" />
  <ResultSummary outcome="Completed">
    <Counters total="11" executed="11" passed="11" error="0" failed="0" timeout="0" aborted="0" inconclusive="0" passedButRunAborted="0" notRunnable="0" notExecuted="0" disconnected="0" warning="0" completed="0" inProgress="0" pending="0" />
  </ResultSummary>
  <TestDefinitions>
    <UnitTest name="Test_PurchaseCard_InsufficientFunds" storage="c:\code\tangocarddev\tangocard_dotnet_sdk\dev\tangocard.sdk.unittests\bin\debug\tangocard.sdk.unittests.dll" id="deba0817-cbdc-6ef0-8ac9-ed202de95483">
      <DeploymentItems>
        <DeploymentItem filename="TangoCard.Sdk.Unittests\DeploymentItems\TangoCard_DotNet_SDK.dll.config" />
      </DeploymentItems>
      <Execution id="99ee9870-31d1-4894-ae47-bf6c64b6f985" />
      <TestMethod codeBase="C:/code/tangocarddev/TangoCard_DotNet_SDK/dev/TangoCard.Sdk.Unittests/bin/Debug/TangoCard.Sdk.Unittests.DLL" adapterTypeName="Microsoft.VisualStudio.TestTools.TestTypes.Unit.UnitTestAdapter, Microsoft.VisualStudio.QualityTools.Tips.UnitTest.Adapter, Version=10.0.0.0, Culture=neutral, PublicKeyToken=b03f5f7f11d50a3a" className="TangoCard.Sdk.Unittests.UnitTest_PurchaseCard, TangoCard.Sdk.Unittests, Version=1.0.4.0, Culture=neutral, PublicKeyToken=null" name="Test_PurchaseCard_InsufficientFunds" />
    </UnitTest>
    <UnitTest name="Test_PurchaseCard_with_NoDelivery_Api" storage="c:\code\tangocarddev\tangocard_dotnet_sdk\dev\tangocard.sdk.unittests\bin\debug\tangocard.sdk.unittests.dll" id="82c3326d-81f5-aba8-e1bb-3a64ecece58f">
      <DeploymentItems>
        <DeploymentItem filename="TangoCard.Sdk.Unittests\DeploymentItems\TangoCard_DotNet_SDK.dll.config" />
      </DeploymentItems>
      <Execution id="51bbc7b8-5032-4528-9938-791f3afde59a" />
      <TestMethod codeBase="C:/code/tangocarddev/TangoCard_DotNet_SDK/dev/TangoCard.Sdk.Unittests/bin/Debug/TangoCard.Sdk.Unittests.DLL" adapterTypeName="Microsoft.VisualStudio.TestTools.TestTypes.Unit.UnitTestAdapter, Microsoft.VisualStudio.QualityTools.Tips.UnitTest.Adapter, Version=10.0.0.0, Culture=neutral, PublicKeyToken=b03f5f7f11d50a3a" className="TangoCard.Sdk.Unittests.UnitTest_PurchaseCard, TangoCard.Sdk.Unittests, Version=1.0.4.0, Culture=neutral, PublicKeyToken=null" name="Test_PurchaseCard_with_NoDelivery_Api" />
    </UnitTest>
    <UnitTest name="Test_PurchaseCard_with_NoDelivery" storage="c:\code\tangocarddev\tangocard_dotnet_sdk\dev\tangocard.sdk.unittests\bin\debug\tangocard.sdk.unittests.dll" id="aea2b97b-c820-26a0-f0d4-77175a63111a">
      <DeploymentItems>
        <DeploymentItem filename="TangoCard.Sdk.Unittests\DeploymentItems\TangoCard_DotNet_SDK.dll.config" />
      </DeploymentItems>
      <Execution id="0522ac15-fb16-4462-a120-e099dc5b8746" />
      <TestMethod codeBase="C:/code/tangocarddev/TangoCard_DotNet_SDK/dev/TangoCard.Sdk.Unittests/bin/Debug/TangoCard.Sdk.Unittests.DLL" adapterTypeName="Microsoft.VisualStudio.TestTools.TestTypes.Unit.UnitTestAdapter, Microsoft.VisualStudio.QualityTools.Tips.UnitTest.Adapter, Version=10.0.0.0, Culture=neutral, PublicKeyToken=b03f5f7f11d50a3a" className="TangoCard.Sdk.Unittests.UnitTest_PurchaseCard, TangoCard.Sdk.Unittests, Version=1.0.4.0, Culture=neutral, PublicKeyToken=null" name="Test_PurchaseCard_with_NoDelivery" />
    </UnitTest>
    <UnitTest name="Test_GetAvailableBalance_InvalidCredentials" storage="c:\code\tangocarddev\tangocard_dotnet_sdk\dev\tangocard.sdk.unittests\bin\debug\tangocard.sdk.unittests.dll" id="9316568e-506c-ed6d-5077-25d70d0ecc30">
      <DeploymentItems>
        <DeploymentItem filename="TangoCard.Sdk.Unittests\DeploymentItems\TangoCard_DotNet_SDK.dll.config" />
      </DeploymentItems>
      <Execution id="4ea6d2e0-0ae6-4b9b-8fc1-96a5dcb6e378" />
      <TestMethod codeBase="C:/code/tangocarddev/TangoCard_DotNet_SDK/dev/TangoCard.Sdk.Unittests/bin/Debug/TangoCard.Sdk.Unittests.DLL" adapterTypeName="Microsoft.VisualStudio.TestTools.TestTypes.Unit.UnitTestAdapter, Microsoft.VisualStudio.QualityTools.Tips.UnitTest.Adapter, Version=10.0.0.0, Culture=neutral, PublicKeyToken=b03f5f7f11d50a3a" className="TangoCard.Sdk.Unittests.UnitTest_GetAvailableBalance, TangoCard.Sdk.Unittests, Version=1.0.4.0, Culture=neutral, PublicKeyToken=null" name="Test_GetAvailableBalance_InvalidCredentials" />
    </UnitTest>
    <UnitTest name="Test_PurchaseCard_InsufficientFunds_10000000" storage="c:\code\tangocarddev\tangocard_dotnet_sdk\dev\tangocard.sdk.unittests\bin\debug\tangocard.sdk.unittests.dll" id="c5fa947b-2454-14f3-3111-2ad4672d59c2">
      <DeploymentItems>
        <DeploymentItem filename="TangoCard.Sdk.Unittests\DeploymentItems\TangoCard_DotNet_SDK.dll.config" />
      </DeploymentItems>
      <Execution id="c5e91ec7-3070-4aa9-a690-406c00171c8a" />
      <TestMethod codeBase="C:/code/tangocarddev/TangoCard_DotNet_SDK/dev/TangoCard.Sdk.Unittests/bin/Debug/TangoCard.Sdk.Unittests.DLL" adapterTypeName="Microsoft.VisualStudio.TestTools.TestTypes.Unit.UnitTestAdapter, Microsoft.VisualStudio.QualityTools.Tips.UnitTest.Adapter, Version=10.0.0.0, Culture=neutral, PublicKeyToken=b03f5f7f11d50a3a" className="TangoCard.Sdk.Unittests.UnitTest_PurchaseCard, TangoCard.Sdk.Unittests, Version=1.0.4.0, Culture=neutral, PublicKeyToken=null" name="Test_PurchaseCard_InsufficientFunds_10000000" />
    </UnitTest>
    <UnitTest name="Test_PurchaseCard_InvalidCredentials" storage="c:\code\tangocarddev\tangocard_dotnet_sdk\dev\tangocard.sdk.unittests\bin\debug\tangocard.sdk.unittests.dll" id="8e238ebb-5605-3812-5fb7-769d1161d1e8">
      <DeploymentItems>
        <DeploymentItem filename="TangoCard.Sdk.Unittests\DeploymentItems\TangoCard_DotNet_SDK.dll.config" />
      </DeploymentItems>
      <Execution id="41c8d81b-1d58-468c-b11d-161dc8746468" />
      <TestMethod codeBase="C:/code/tangocarddev/TangoCard_DotNet_SDK/dev/TangoCard.Sdk.Unittests/bin/Debug/TangoCard.Sdk.Unittests.DLL" adapterTypeName="Microsoft.VisualStudio.TestTools.TestTypes.Unit.UnitTestAdapter, Microsoft.VisualStudio.QualityTools.Tips.UnitTest.Adapter, Version=10.0.0.0, Culture=neutral, PublicKeyToken=b03f5f7f11d50a3a" className="TangoCard.Sdk.Unittests.UnitTest_PurchaseCard, TangoCard.Sdk.Unittests, Version=1.0.4.0, Culture=neutral, PublicKeyToken=null" name="Test_PurchaseCard_InvalidCredentials" />
    </UnitTest>
    <UnitTest name="Test_PurchaseCard_InvalidInput_Sku" storage="c:\code\tangocarddev\tangocard_dotnet_sdk\dev\tangocard.sdk.unittests\bin\debug\tangocard.sdk.unittests.dll" id="41c93455-8c54-54d6-1c21-f886a3fe91ab">
      <DeploymentItems>
        <DeploymentItem filename="TangoCard.Sdk.Unittests\DeploymentItems\TangoCard_DotNet_SDK.dll.config" />
      </DeploymentItems>
      <Execution id="98dc5fbe-fad8-4e20-ab87-0a805585f406" />
      <TestMethod codeBase="C:/code/tangocarddev/TangoCard_DotNet_SDK/dev/TangoCard.Sdk.Unittests/bin/Debug/TangoCard.Sdk.Unittests.DLL" adapterTypeName="Microsoft.VisualStudio.TestTools.TestTypes.Unit.UnitTestAdapter, Microsoft.VisualStudio.QualityTools.Tips.UnitTest.Adapter, Version=10.0.0.0, Culture=neutral, PublicKeyToken=b03f5f7f11d50a3a" className="TangoCard.Sdk.Unittests.UnitTest_PurchaseCard, TangoCard.Sdk.Unittests, Version=1.0.4.0, Culture=neutral, PublicKeyToken=null" name="Test_PurchaseCard_InvalidInput_Sku" />
    </UnitTest>
    <UnitTest name="Test_PurchaseCard_with_Delivery" storage="c:\code\tangocarddev\tangocard_dotnet_sdk\dev\tangocard.sdk.unittests\bin\debug\tangocard.sdk.unittests.dll" id="18e4a4b0-321f-d8fe-e1dc-6bed9061c905">
      <DeploymentItems>
        <DeploymentItem filename="TangoCard.Sdk.Unittests\DeploymentItems\TangoCard_DotNet_SDK.dll.config" />
      </DeploymentItems>
      <Execution id="a1040140-723b-44ab-a7d1-57fcc647f26f" />
      <TestMethod codeBase="C:/code/tangocarddev/TangoCard_DotNet_SDK/dev/TangoCard.Sdk.Unittests/bin/Debug/TangoCard.Sdk.Unittests.DLL" adapterTypeName="Microsoft.VisualStudio.TestTools.TestTypes.Unit.UnitTestAdapter, Microsoft.VisualStudio.QualityTools.Tips.UnitTest.Adapter, Version=10.0.0.0, Culture=neutral, PublicKeyToken=b03f5f7f11d50a3a" className="TangoCard.Sdk.Unittests.UnitTest_PurchaseCard, TangoCard.Sdk.Unittests, Version=1.0.4.0, Culture=neutral, PublicKeyToken=null" name="Test_PurchaseCard_with_Delivery" />
    </UnitTest>
    <UnitTest name="Test_GetAvailableBalance_InsufficientFunds" storage="c:\code\tangocarddev\tangocard_dotnet_sdk\dev\tangocard.sdk.unittests\bin\debug\tangocard.sdk.unittests.dll" id="152bd078-e8ce-d8c5-5081-efc5af0ee103">
      <DeploymentItems>
        <DeploymentItem filename="TangoCard.Sdk.Unittests\DeploymentItems\TangoCard_DotNet_SDK.dll.config" />
      </DeploymentItems>
      <Execution id="7b94b942-2cb4-45dd-a657-a170d756670d" />
      <TestMethod codeBase="C:/code/tangocarddev/TangoCard_DotNet_SDK/dev/TangoCard.Sdk.Unittests/bin/Debug/TangoCard.Sdk.Unittests.DLL" adapterTypeName="Microsoft.VisualStudio.TestTools.TestTypes.Unit.UnitTestAdapter, Microsoft.VisualStudio.QualityTools.Tips.UnitTest.Adapter, Version=10.0.0.0, Culture=neutral, PublicKeyToken=b03f5f7f11d50a3a" className="TangoCard.Sdk.Unittests.UnitTest_GetAvailableBalance, TangoCard.Sdk.Unittests, Version=1.0.4.0, Culture=neutral, PublicKeyToken=null" name="Test_GetAvailableBalance_InsufficientFunds" />
    </UnitTest>
    <UnitTest name="Test_GetAvailableBalance_Request" storage="c:\code\tangocarddev\tangocard_dotnet_sdk\dev\tangocard.sdk.unittests\bin\debug\tangocard.sdk.unittests.dll" id="d1981100-7810-b4b9-afdd-48e37317502a">
      <DeploymentItems>
        <DeploymentItem filename="TangoCard.Sdk.Unittests\DeploymentItems\TangoCard_DotNet_SDK.dll.config" />
      </DeploymentItems>
      <Execution id="84ca19d6-63ec-41e0-901d-34aee7433f81" />
      <TestMethod codeBase="C:/code/tangocarddev/TangoCard_DotNet_SDK/dev/TangoCard.Sdk.Unittests/bin/Debug/TangoCard.Sdk.Unittests.DLL" adapterTypeName="Microsoft.VisualStudio.TestTools.TestTypes.Unit.UnitTestAdapter, Microsoft.VisualStudio.QualityTools.Tips.UnitTest.Adapter, Version=10.0.0.0, Culture=neutral, PublicKeyToken=b03f5f7f11d50a3a" className="TangoCard.Sdk.Unittests.UnitTest_GetAvailableBalance, TangoCard.Sdk.Unittests, Version=1.0.4.0, Culture=neutral, PublicKeyToken=null" name="Test_GetAvailableBalance_Request" />
    </UnitTest>
    <UnitTest name="Test_GetAvailableBalance_Api" storage="c:\code\tangocarddev\tangocard_dotnet_sdk\dev\tangocard.sdk.unittests\bin\debug\tangocard.sdk.unittests.dll" id="29f6a3cc-4238-b7f6-fe09-faef69b4c2d2">
      <DeploymentItems>
        <DeploymentItem filename="TangoCard.Sdk.Unittests\DeploymentItems\TangoCard_DotNet_SDK.dll.config" />
      </DeploymentItems>
      <Execution id="1773565a-b76f-4202-bf03-0a2c1f05f24c" />
      <TestMethod codeBase="C:/code/tangocarddev/TangoCard_DotNet_SDK/dev/TangoCard.Sdk.Unittests/bin/Debug/TangoCard.Sdk.Unittests.DLL" adapterTypeName="Microsoft.VisualStudio.TestTools.TestTypes.Unit.UnitTestAdapter, Microsoft.VisualStudio.QualityTools.Tips.UnitTest.Adapter, Version=10.0.0.0, Culture=neutral, PublicKeyToken=b03f5f7f11d50a3a" className="TangoCard.Sdk.Unittests.UnitTest_GetAvailableBalance, TangoCard.Sdk.Unittests, Version=1.0.4.0, Culture=neutral, PublicKeyToken=null" name="Test_GetAvailableBalance_Api" />
    </UnitTest>
  </TestDefinitions>
  <TestLists>
    <TestList name="Results Not in a List" id="8c84fa94-04c1-424b-9868-57a2d4851a1d" />
    <TestList name="All Loaded Results" id="19431567-8539-422a-85d7-44ee4e166bda" />
  </TestLists>
  <TestEntries>
    <TestEntry testId="8e238ebb-5605-3812-5fb7-769d1161d1e8" executionId="41c8d81b-1d58-468c-b11d-161dc8746468" testListId="8c84fa94-04c1-424b-9868-57a2d4851a1d" />
    <TestEntry testId="deba0817-cbdc-6ef0-8ac9-ed202de95483" executionId="99ee9870-31d1-4894-ae47-bf6c64b6f985" testListId="8c84fa94-04c1-424b-9868-57a2d4851a1d" />
    <TestEntry testId="41c93455-8c54-54d6-1c21-f886a3fe91ab" executionId="98dc5fbe-fad8-4e20-ab87-0a805585f406" testListId="8c84fa94-04c1-424b-9868-57a2d4851a1d" />
    <TestEntry testId="c5fa947b-2454-14f3-3111-2ad4672d59c2" executionId="c5e91ec7-3070-4aa9-a690-406c00171c8a" testListId="8c84fa94-04c1-424b-9868-57a2d4851a1d" />
    <TestEntry testId="82c3326d-81f5-aba8-e1bb-3a64ecece58f" executionId="51bbc7b8-5032-4528-9938-791f3afde59a" testListId="8c84fa94-04c1-424b-9868-57a2d4851a1d" />
    <TestEntry testId="aea2b97b-c820-26a0-f0d4-77175a63111a" executionId="0522ac15-fb16-4462-a120-e099dc5b8746" testListId="8c84fa94-04c1-424b-9868-57a2d4851a1d" />
    <TestEntry testId="18e4a4b0-321f-d8fe-e1dc-6bed9061c905" executionId="a1040140-723b-44ab-a7d1-57fcc647f26f" testListId="8c84fa94-04c1-424b-9868-57a2d4851a1d" />
    <TestEntry testId="29f6a3cc-4238-b7f6-fe09-faef69b4c2d2" executionId="1773565a-b76f-4202-bf03-0a2c1f05f24c" testListId="8c84fa94-04c1-424b-9868-57a2d4851a1d" />
    <TestEntry testId="d1981100-7810-b4b9-afdd-48e37317502a" executionId="84ca19d6-63ec-41e0-901d-34aee7433f81" testListId="8c84fa94-04c1-424b-9868-57a2d4851a1d" />
    <TestEntry testId="9316568e-506c-ed6d-5077-25d70d0ecc30" executionId="4ea6d2e0-0ae6-4b9b-8fc1-96a5dcb6e378" testListId="8c84fa94-04c1-424b-9868-57a2d4851a1d" />
    <TestEntry testId="152bd078-e8ce-d8c5-5081-efc5af0ee103" executionId="7b94b942-2cb4-45dd-a657-a170d756670d" testListId="8c84fa94-04c1-424b-9868-57a2d4851a1d" />
  </TestEntries>
  <Results>
    <UnitTestResult executionId="41c8d81b-1d58-468c-b11d-161dc8746468" testId="8e238ebb-5605-3812-5fb7-769d1161d1e8" testName="Test_PurchaseCard_InvalidCredentials" computerName="UGGLAN" duration="00:00:04.2714357" startTime="2012-10-02T13:38:53.6599688-07:00" endTime="2012-10-02T13:38:59.4943025-07:00" testType="13cdc9d9-ddb5-4fa4-a97d-d965ccfc6d4b" outcome="Passed" testListId="8c84fa94-04c1-424b-9868-57a2d4851a1d" relativeResultsDirectory="41c8d81b-1d58-468c-b11d-161dc8746468">
    </UnitTestResult>
    <UnitTestResult executionId="99ee9870-31d1-4894-ae47-bf6c64b6f985" testId="deba0817-cbdc-6ef0-8ac9-ed202de95483" testName="Test_PurchaseCard_InsufficientFunds" computerName="UGGLAN" duration="00:00:00.3771381" startTime="2012-10-02T13:38:59.4993028-07:00" endTime="2012-10-02T13:38:59.8803246-07:00" testType="13cdc9d9-ddb5-4fa4-a97d-d965ccfc6d4b" outcome="Passed" testListId="8c84fa94-04c1-424b-9868-57a2d4851a1d" relativeResultsDirectory="99ee9870-31d1-4894-ae47-bf6c64b6f985">
    </UnitTestResult>
    <UnitTestResult executionId="98dc5fbe-fad8-4e20-ab87-0a805585f406" testId="41c93455-8c54-54d6-1c21-f886a3fe91ab" testName="Test_PurchaseCard_InvalidInput_Sku" computerName="UGGLAN" duration="00:00:00.5922902" startTime="2012-10-02T13:38:59.8953255-07:00" endTime="2012-10-02T13:39:00.4913596-07:00" testType="13cdc9d9-ddb5-4fa4-a97d-d965ccfc6d4b" outcome="Passed" testListId="8c84fa94-04c1-424b-9868-57a2d4851a1d" relativeResultsDirectory="98dc5fbe-fad8-4e20-ab87-0a805585f406">
    </UnitTestResult>
    <UnitTestResult executionId="c5e91ec7-3070-4aa9-a690-406c00171c8a" testId="c5fa947b-2454-14f3-3111-2ad4672d59c2" testName="Test_PurchaseCard_InsufficientFunds_10000000" computerName="UGGLAN" duration="00:00:00.4204479" startTime="2012-10-02T13:39:00.4993600-07:00" endTime="2012-10-02T13:39:00.9243843-07:00" testType="13cdc9d9-ddb5-4fa4-a97d-d965ccfc6d4b" outcome="Passed" testListId="8c84fa94-04c1-424b-9868-57a2d4851a1d" relativeResultsDirectory="c5e91ec7-3070-4aa9-a690-406c00171c8a">
    </UnitTestResult>
    <UnitTestResult executionId="51bbc7b8-5032-4528-9938-791f3afde59a" testId="82c3326d-81f5-aba8-e1bb-3a64ecece58f" testName="Test_PurchaseCard_with_NoDelivery_Api" computerName="UGGLAN" duration="00:00:01.2722843" startTime="2012-10-02T13:39:00.9303847-07:00" endTime="2012-10-02T13:39:02.2074577-07:00" testType="13cdc9d9-ddb5-4fa4-a97d-d965ccfc6d4b" outcome="Passed" testListId="8c84fa94-04c1-424b-9868-57a2d4851a1d" relativeResultsDirectory="51bbc7b8-5032-4528-9938-791f3afde59a">
    </UnitTestResult>
    <UnitTestResult executionId="0522ac15-fb16-4462-a120-e099dc5b8746" testId="aea2b97b-c820-26a0-f0d4-77175a63111a" testName="Test_PurchaseCard_with_NoDelivery" computerName="UGGLAN" duration="00:00:02.0067301" startTime="2012-10-02T13:39:02.2134580-07:00" endTime="2012-10-02T13:39:04.2265732-07:00" testType="13cdc9d9-ddb5-4fa4-a97d-d965ccfc6d4b" outcome="Passed" testListId="8c84fa94-04c1-424b-9868-57a2d4851a1d" relativeResultsDirectory="0522ac15-fb16-4462-a120-e099dc5b8746">
    </UnitTestResult>
    <UnitTestResult executionId="a1040140-723b-44ab-a7d1-57fcc647f26f" testId="18e4a4b0-321f-d8fe-e1dc-6bed9061c905" testName="Test_PurchaseCard_with_Delivery" computerName="UGGLAN" duration="00:00:01.5205924" startTime="2012-10-02T13:39:04.2395739-07:00" endTime="2012-10-02T13:39:05.7636611-07:00" testType="13cdc9d9-ddb5-4fa4-a97d-d965ccfc6d4b" outcome="Passed" testListId="8c84fa94-04c1-424b-9868-57a2d4851a1d" relativeResultsDirectory="a1040140-723b-44ab-a7d1-57fcc647f26f">
    </UnitTestResult>
    <UnitTestResult executionId="1773565a-b76f-4202-bf03-0a2c1f05f24c" testId="29f6a3cc-4238-b7f6-fe09-faef69b4c2d2" testName="Test_GetAvailableBalance_Api" computerName="UGGLAN" duration="00:00:00.3408421" startTime="2012-10-02T13:39:05.7696615-07:00" endTime="2012-10-02T13:39:06.1156812-07:00" testType="13cdc9d9-ddb5-4fa4-a97d-d965ccfc6d4b" outcome="Passed" testListId="8c84fa94-04c1-424b-9868-57a2d4851a1d" relativeResultsDirectory="1773565a-b76f-4202-bf03-0a2c1f05f24c">
    </UnitTestResult>
    <UnitTestResult executionId="84ca19d6-63ec-41e0-901d-34aee7433f81" testId="d1981100-7810-b4b9-afdd-48e37317502a" testName="Test_GetAvailableBalance_Request" computerName="UGGLAN" duration="00:00:00.4506058" startTime="2012-10-02T13:39:06.1256818-07:00" endTime="2012-10-02T13:39:06.5797078-07:00" testType="13cdc9d9-ddb5-4fa4-a97d-d965ccfc6d4b" outcome="Passed" testListId="8c84fa94-04c1-424b-9868-57a2d4851a1d" relativeResultsDirectory="84ca19d6-63ec-41e0-901d-34aee7433f81">
    </UnitTestResult>
    <UnitTestResult executionId="4ea6d2e0-0ae6-4b9b-8fc1-96a5dcb6e378" testId="9316568e-506c-ed6d-5077-25d70d0ecc30" testName="Test_GetAvailableBalance_InvalidCredentials" computerName="UGGLAN" duration="00:00:00.2514691" startTime="2012-10-02T13:39:06.6087094-07:00" endTime="2012-10-02T13:39:06.8637240-07:00" testType="13cdc9d9-ddb5-4fa4-a97d-d965ccfc6d4b" outcome="Passed" testListId="8c84fa94-04c1-424b-9868-57a2d4851a1d" relativeResultsDirectory="4ea6d2e0-0ae6-4b9b-8fc1-96a5dcb6e378">
    </UnitTestResult>
    <UnitTestResult executionId="7b94b942-2cb4-45dd-a657-a170d756670d" testId="152bd078-e8ce-d8c5-5081-efc5af0ee103" testName="Test_GetAvailableBalance_InsufficientFunds" computerName="UGGLAN" duration="00:00:00.2338853" startTime="2012-10-02T13:39:06.8707244-07:00" endTime="2012-10-02T13:39:07.1087380-07:00" testType="13cdc9d9-ddb5-4fa4-a97d-d965ccfc6d4b" outcome="Passed" testListId="8c84fa94-04c1-424b-9868-57a2d4851a1d" relativeResultsDirectory="7b94b942-2cb4-45dd-a657-a170d756670d">
    </UnitTestResult>
  </Results>
</TestRun>